(base) miyajimayuunotasukunoMacBook-ea:Git miyajimayunosuke$ mkdir git_challenge
(base) miyajimayuunotasukunoMacBook-ea:Git miyajimayunosuke$ cd git_challenge
(base) miyajimayuunotasukunoMacBook-ea:git_challenge miyajimayunosuke$ touch hello_world.txt
(base) miyajimayuunotasukunoMacBook-ea:git_challenge miyajimayunosuke$ vi hello_world.txt 
(base) miyajimayuunotasukunoMacBook-ea:git_challenge miyajimayunosuke$ cat hello_world.txt 
Hello, world!
(base) miyajimayuunotasukunoMacBook-ea:git_challenge miyajimayunosuke$ git add hello_world.txt 
fatal: not a git repository (or any of the parent directories): .git
(base) miyajimayuunotasukunoMacBook-ea:git_challenge miyajimayunosuke$ git init
Initialized empty Git repository in /Users/miyajimayunosuke/Desktop/Tutorial_samurai/Git/git_challenge/.git/
(base) miyajimayuunotasukunoMacBook-ea:git_challenge miyajimayunosuke$ git add hello_world.txt 
(base) miyajimayuunotasukunoMacBook-ea:git_challenge miyajimayunosuke$ git commit -m "1回目"
[main (root-commit) ab89750] 1回目
 1 file changed, 1 insertion(+)
 create mode 100644 hello_world.txt
(base) miyajimayuunotasukunoMacBook-ea:git_challenge miyajimayunosuke$ vi hello_world.txt 
(base) miyajimayuunotasukunoMacBook-ea:git_challenge miyajimayunosuke$ git add hello_world.txt 
(base) miyajimayuunotasukunoMacBook-ea:git_challenge miyajimayunosuke$ git commit -m "2回目"
[main a20149c] 2回目
 1 file changed, 1 insertion(+)
(base) miyajimayuunotasukunoMacBook-ea:git_challenge miyajimayunosuke$ git log
commit a20149c05776f363269de99d13527d55566e375a (HEAD -> main)
Author: miyaG9I8 <y.miyajima.w12@gmail.com>
Date:   Mon Jun 23 23:19:31 2025 +0900

    2回目

commit ab89750fc279d82fea1227c1e57275e7f491f05b
Author: miyaG9I8 <y.miyajima.w12@gmail.com>
Date:   Mon Jun 23 23:17:58 2025 +0900

    1回目
(base) miyajimayuunotasukunoMacBook-ea:git_challenge miyajimayunosuke$ 